http://www.alexrothenberg.com/2011/01/setting-up-new-mac-for-rails.html, http://www.alexrothenberg.com/2011/01/04/setting-up-new-mac-for-rails.html
http://www.alexrothenberg.com/2010/10/combining-two-related-fields-in-url-to.html, http://www.alexrothenberg.com/2010/10/11/combining-two-related-fields-in-url-to.html
http://www.alexrothenberg.com/2010/09/purging-old-cruise-builds.html, http://www.alexrothenberg.com/2010/09/29/purging-old-cruise-builds.html
http://www.alexrothenberg.com/2010/09/use-dashes-not-underscores-in-your.html, http://www.alexrothenberg.com/2010/09/24/use-dashes-not-underscores-in-your.html
http://www.alexrothenberg.com/2010/03/its-not-too-late-to-solve-y2k-bug-i.html, http://www.alexrothenberg.com/2010/03/14/its-not-too-late-to-solve-y2k-bug-i.html
http://www.alexrothenberg.com/2010/01/what-to-do-when-activerecord-thinks.html, http://www.alexrothenberg.com/2010/01/27/what-to-do-when-activerecord-thinks.html
http://www.alexrothenberg.com/2010/01/freezing-gem-that-has-native-extensions.html, http://www.alexrothenberg.com/2010/01/13/freezing-gem-that-has-native-extensions.html
http://www.alexrothenberg.com/2009/11/generate-models-from-tables-legacy-data.html, http://www.alexrothenberg.com/2009/11/05/generate-models-from-tables-legacy-data.html
http://www.alexrothenberg.com/2009/10/plsql-debugging-information-now-part-of.html, http://www.alexrothenberg.com/2009/10/02/plsql-debugging-information-now-part-of.html
http://www.alexrothenberg.com/2009/09/using-whenever-gem-to-manage-scheduled.html, http://www.alexrothenberg.com/2009/09/30/using-whenever-gem-to-manage-scheduled.html
http://www.alexrothenberg.com/2009/08/how-to-capture-oracles-dbmsoutput-in.html, http://www.alexrothenberg.com/2009/08/19/how-to-capture-oracles-dbmsoutput-in.html
http://www.alexrothenberg.com/2009/07/one-year-of-blogging.html, http://www.alexrothenberg.com/2009/07/22/one-year-of-blogging.html
http://www.alexrothenberg.com/2009/06/using-github-through-draconian-proxies.html, http://www.alexrothenberg.com/2009/06/25/using-github-through-draconian-proxies.html
http://www.alexrothenberg.com/2009/06/released-with-patch-from.html, http://www.alexrothenberg.com/2009/06/24/released-with-patch-from.html
http://www.alexrothenberg.com/2009/06/changing-history-with-git-rebase-how-to.html, http://www.alexrothenberg.com/2009/06/10/changing-history-with-git-rebase-how-to.html
http://www.alexrothenberg.com/2009/05/how-to-use-dates-in-rails-when-your.html, http://www.alexrothenberg.com/2009/05/21/how-to-use-dates-in-rails-when-your.html
http://www.alexrothenberg.com/2009/05/testing-ajax-without-browser-with.html, http://www.alexrothenberg.com/2009/05/06/testing-ajax-without-browser-with.html
http://www.alexrothenberg.com/2009/03/managing-draw-of-single-elimination.html, http://www.alexrothenberg.com/2009/03/30/managing-draw-of-single-elimination.html
http://www.alexrothenberg.com/2009/03/lines-of-ruby.html, http://www.alexrothenberg.com/2009/03/22/lines-of-ruby.html
http://www.alexrothenberg.com/2009/03/using-scopes-in-autocomplete-plugin.html, http://www.alexrothenberg.com/2009/03/18/using-scopes-in-autocomplete-plugin.html
http://www.alexrothenberg.com/2009/03/java-as-legacy-language.html, http://www.alexrothenberg.com/2009/03/18/java-as-legacy-language.html
http://www.alexrothenberg.com/2009/03/microsoft-office-links-causing.html, http://www.alexrothenberg.com/2009/03/04/microsoft-office-links-causing.html
http://www.alexrothenberg.com/2009/02/investigating-how-symbol-toproc-works.html, http://www.alexrothenberg.com/2009/02/07/investigating-how-symbol-toproc-works.html
http://www.alexrothenberg.com/2009/02/maintaining-your-technical-chops-is.html, http://www.alexrothenberg.com/2009/02/05/maintaining-your-technical-chops-is.html
http://www.alexrothenberg.com/2009/02/never-sacrifice-quality-for-speed.html, http://www.alexrothenberg.com/2009/02/04/never-sacrifice-quality-for-speed.html
http://www.alexrothenberg.com/2009/01/how-i-refine-test-spec-while-writing.html, http://www.alexrothenberg.com/2009/01/09/how-i-refine-test-spec-while-writing.html
http://www.alexrothenberg.com/2008/12/i-read-interesting-post-today-by-david.html, http://www.alexrothenberg.com/2008/12/11/i-read-interesting-post-today-by-david.html
http://www.alexrothenberg.com/2008/12/knows-which-specs-are-slowing-down-my.html, http://www.alexrothenberg.com/2008/12/06/knows-which-specs-are-slowing-down-my.html
http://www.alexrothenberg.com/2008/12/bugpatch-with-rspec-rails-and-helper.html, http://www.alexrothenberg.com/2008/12/06/bugpatch-with-rspec-rails-and-helper.html
http://www.alexrothenberg.com/2008/11/applications-usually-use-their-own-data.html, http://www.alexrothenberg.com/2008/11/25/applications-usually-use-their-own-data.html
http://www.alexrothenberg.com/2008/11/silly-site-netdisaster-destroy-web.html, http://www.alexrothenberg.com/2008/11/20/silly-site-netdisaster-destroy-web.html
http://www.alexrothenberg.com/2008/11/buy-services-and-build-websites.html, http://www.alexrothenberg.com/2008/11/16/buy-services-and-build-websites.html
http://www.alexrothenberg.com/2008/11/blog-aggregator-wayweworkit.html, http://www.alexrothenberg.com/2008/11/09/blog-aggregator-wayweworkit.html
http://www.alexrothenberg.com/2008/10/using-ruby-for-shell-scripting.html, http://www.alexrothenberg.com/2008/10/09/using-ruby-for-shell-scripting.html
http://www.alexrothenberg.com/2008/10/testing-with-rspec-stories.html, http://www.alexrothenberg.com/2008/10/08/testing-with-rspec-stories.html
http://www.alexrothenberg.com/2008/10/i-want-to-share-something-i-just.html, http://www.alexrothenberg.com/2008/10/08/i-want-to-share-something-i-just.html
http://www.alexrothenberg.com/2008/09/perhaps-outsourcing-is-harder-than.html, http://www.alexrothenberg.com/2008/09/21/perhaps-outsourcing-is-harder-than.html
http://www.alexrothenberg.com/2008/07/working-with-excel-data-without-working_23.html, http://www.alexrothenberg.com/2008/07/23/working-with-excel-data-without-working_23.html
http://www.alexrothenberg.com/2008/07/how-to-unit-test-java-class-with-static.html, http://www.alexrothenberg.com/2008/07/13/how-to-unit-test-java-class-with-static.html
http://www.alexrothenberg.com/2008/07/dont-give-up-when-you-run-into.html, http://www.alexrothenberg.com/2008/07/04/dont-give-up-when-you-run-into.html
